// Jest Snapshot v1, https://goo.gl/fbAQLP

exports[`Navbar should stay consistent 1`] = `
<mock-render
  __ngContext__={[Function LRootView]}
>
  <basics-navbar>
    <mat-toolbar
      class="w-screen"
      color="primary"
    >
      <a
        href="/weather"
        mat-button=""
      >
         Weather 
      </a>
      <a
        href="/"
        mat-button=""
      >
         Home 
      </a>
    </mat-toolbar>
  </basics-navbar>
</mock-render>
`;
